400 Bad Request: The browser (or proxy) sent a request that this server could not understand.
